matched_granular_control,64,FFT,0,0,0,0
matched_granular_control,64,render_excluding_fft_and_held,0,0,0,0
matched_granular_control,64,frame_interpretation,0,0,0,0
matched_granular_control,64,Attack,0,0,0,0
matched_granular_control,64,freeze_update,0,0,0,0
matched_granular_control,64,held_render,0,0,0,0
FFT_dispatch,matched_granular_control,64,0,0,0,0
matched_spectral_control,64,FFT,19500,503409,503409,59.9566
matched_spectral_control,64,render_excluding_fft_and_held,0,0,0,0
matched_spectral_control,64,frame_interpretation,0,0,0,0
matched_spectral_control,64,Attack,0,0,0,0
matched_spectral_control,64,freeze_update,0,0,0,0
matched_spectral_control,64,held_render,0,0,0,0
FFT_dispatch,matched_spectral_control,64,0,4500,15000,0
matched_events,mode=0,captures=0,targets=0
matched_events,mode=0,captures=0,targets=0
matched_freeze_off,64,FFT,20231,635828,635828,18.1873
matched_freeze_off,64,render_excluding_fft_and_held,14984,1.55173e+06,1.13096e+06,32.3501
matched_freeze_off,64,frame_interpretation,5247,664596,664596,19.0102
matched_freeze_off,64,Attack,2622,649687,649687,18.5837
matched_freeze_off,64,freeze_update,0,0,0,0
matched_freeze_off,64,held_render,0,0,0,0
FFT_dispatch,matched_freeze_off,64,0,5247,14984,0
matched_granular_control,128,FFT,0,0,0,0
matched_granular_control,128,render_excluding_fft_and_held,0,0,0,0
matched_granular_control,128,frame_interpretation,0,0,0,0
matched_granular_control,128,Attack,0,0,0,0
matched_granular_control,128,freeze_update,0,0,0,0
matched_granular_control,128,held_render,0,0,0,0
FFT_dispatch,matched_granular_control,128,0,0,0,0
matched_spectral_control,128,FFT,19500,508881,508881,60.1012
matched_spectral_control,128,render_excluding_fft_and_held,0,0,0,0
matched_spectral_control,128,frame_interpretation,0,0,0,0
matched_spectral_control,128,Attack,0,0,0,0
matched_spectral_control,128,freeze_update,0,0,0,0
matched_spectral_control,128,held_render,0,0,0,0
FFT_dispatch,matched_spectral_control,128,0,4500,15000,0
matched_events,mode=0,captures=0,targets=0
matched_events,mode=0,captures=0,targets=0
matched_freeze_off,128,FFT,20231,661569,661569,18.7309
matched_freeze_off,128,render_excluding_fft_and_held,14984,1.5714e+06,1.13735e+06,32.2018
matched_freeze_off,128,frame_interpretation,5247,662646,662646,18.7614
matched_freeze_off,128,Attack,2622,650104,650104,18.4063
matched_freeze_off,128,freeze_update,0,0,0,0
matched_freeze_off,128,held_render,0,0,0,0
FFT_dispatch,matched_freeze_off,128,0,5247,14984,0
