-- The C compiler identification is GNU 13.4.0
-- The CXX compiler identification is GNU 13.4.0
-- Detecting C compiler ABI info
-- Detecting C compiler ABI info - done
-- Check for working C compiler: /buildroot/output/host/bin/aarch64-buildroot-linux-gnu-gcc - skipped
-- Detecting C compile features
-- Detecting C compile features - done
-- Detecting CXX compiler ABI info
-- Detecting CXX compiler ABI info - done
-- Check for working CXX compiler: /buildroot/output/host/bin/aarch64-buildroot-linux-gnu-g++ - skipped
-- Detecting CXX compile features
-- Detecting CXX compile features - done
-- Performing Test CMAKE_HAVE_LIBC_PTHREAD
-- Performing Test CMAKE_HAVE_LIBC_PTHREAD - Success
-- Found Threads: TRUE
-- Looking for __GLIBC__
-- Looking for __GLIBC__ - found
-- Found ALSA: /buildroot/output/host/aarch64-buildroot-linux-gnu/sysroot/usr/lib/libasound.so (found version "1.2.13")
-- Configuring done (0.7s)
-- Generating done (0.3s)
-- Build files have been written to: /probe/headroom-arm
