mode,io,profile,frames,callbacks,budget_us,mean_us,thread_cpu_mean_us,p99_us,p999_us,max_us,over_period,start_gaps,capture_xruns,playback_xruns,elapsed_seconds,checksum,complete,warmup_included
noop,alsa,none,128,3000,2666.66666667,4.57709633333,3.314611,5.722,5.926,6.018,0,0,0,0,12.011767344,8.28453008743,1,0
mode,io,profile,frames,callbacks,budget_us,mean_us,thread_cpu_mean_us,p99_us,p999_us,max_us,over_period,start_gaps,capture_xruns,playback_xruns,elapsed_seconds,checksum,complete,warmup_included
chain,alsa,none,128,11250,2666.66666667,974.992064267,973.280271289,1015,1079.852,1140.87,0,0,0,0,34.052730146,7.38809267996,1,0
mode,io,profile,frames,callbacks,budget_us,mean_us,thread_cpu_mean_us,p99_us,p999_us,max_us,over_period,start_gaps,capture_xruns,playback_xruns,elapsed_seconds,checksum,complete,warmup_included
core,alsa,none,128,11250,2666.66666667,2154.633784,2152.09637413,2416.944,2473.537,2725.222,1,0,0,0,34.055384221,42.5308141365,1,0
mode,io,profile,frames,callbacks,budget_us,mean_us,thread_cpu_mean_us,p99_us,p999_us,max_us,over_period,start_gaps,capture_xruns,playback_xruns,elapsed_seconds,checksum,complete,warmup_included
combined,alsa,none,128,11,2666.66666667,2579.74545455,2576.08090909,3127.74,3127.74,3134.518,6,0,0,1,0.034618667,0.00762304011732,0,1
mode,io,profile,frames,callbacks,budget_us,mean_us,thread_cpu_mean_us,p99_us,p999_us,max_us,over_period,start_gaps,capture_xruns,playback_xruns,elapsed_seconds,checksum,complete,warmup_included
combined,offline,none,128,4500,2666.66666667,3416.23028,3399.52209933,3738.185,3809.945,3875.13,4500,0,0,0,20.505500969,2.43913017493,1,0
mode,io,profile,frames,callbacks,budget_us,mean_us,thread_cpu_mean_us,p99_us,p999_us,max_us,over_period,start_gaps,capture_xruns,playback_xruns,elapsed_seconds,checksum,complete,warmup_included
core,alsa,sample,128,7500,2666.66666667,2187.82744213,2185.1445624,2449.148,2493.278,2567.944,0,0,0,0,24.048078133,25.6156120672,1,0
mode,io,profile,frames,callbacks,budget_us,mean_us,thread_cpu_mean_us,p99_us,p999_us,max_us,over_period,start_gaps,capture_xruns,playback_xruns,elapsed_seconds,checksum,complete,warmup_included
core,alsa,count,128,7500,2666.66666667,2174.31538907,2171.78051133,2436.37,2485.056,2579.444,0,0,0,0,24.036589486,25.6156120672,1,0
mode,io,profile,frames,callbacks,budget_us,mean_us,thread_cpu_mean_us,p99_us,p999_us,max_us,over_period,start_gaps,capture_xruns,playback_xruns,elapsed_seconds,checksum,complete,warmup_included
combined,alsa,none,128,11,2666.66666667,2567.23081818,2563.87381818,3076.852,3076.852,3133.481,6,0,0,1,0.03459,0.00762304011732,0,1
mode,io,profile,frames,callbacks,budget_us,mean_us,thread_cpu_mean_us,p99_us,p999_us,max_us,over_period,start_gaps,capture_xruns,playback_xruns,elapsed_seconds,checksum,complete,warmup_included
combined,offline,none,128,4500,2666.66666667,3486.75687911,3470.22572578,3820.722,3888.056,4019.648,4500,1,0,0,20.928298783,2.43913017493,1,0
mode,io,profile,frames,callbacks,budget_us,mean_us,thread_cpu_mean_us,p99_us,p999_us,max_us,over_period,start_gaps,capture_xruns,playback_xruns,elapsed_seconds,checksum,complete,warmup_included
core,alsa,none,128,11250,2666.66666667,2174.45069031,2171.45690258,2417.315,2461.296,2554.167,0,0,0,0,34.053326109,42.5308141365,1,0
mode,io,profile,frames,callbacks,budget_us,mean_us,thread_cpu_mean_us,p99_us,p999_us,max_us,over_period,start_gaps,capture_xruns,playback_xruns,elapsed_seconds,checksum,complete,warmup_included
chain,alsa,none,128,11250,2666.66666667,955.683878844,954.189029244,983.759,1058.259,1125.259,0,0,0,0,34.051637498,7.38809267996,1,0
