2026-10-02 14:32:19.252 INFO   Freerouting v2.1.0 (build-date: 2025-04-12)
2026-10-02 14:32:19.361 WARN   No default constructor found for field: currentLocale
2026-10-02 14:32:19.362 INFO   Settings were loaded from freerouting.json
2026-10-02 14:32:20.682 INFO   [3FB7F8\95E5ED] Job '3FB7F8\95E5ED' started at 2026-10-02T14:32:20.682403265Z
2026-10-02 14:32:21.242 INFO   New version available: v2.4.1
2026-10-02 14:32:23.595 INFO   [3FB7F8\95E5ED] Auto-router pass #1 on board '599571c5fcb585e772c9917e1fb19a4d' was completed in 2.59 seconds with the score of 967.20 (3 unrouted), using 1.34 CPU seconds and 230 MB memory.
2026-10-02 14:32:24.139 INFO   [3FB7F8\95E5ED] Auto-router pass #2 on board 'caef239dd29e3818b08cf56f068e6ba9' was completed in 0.50 seconds with the score of 974.55 (2 unrouted), using 2.48 CPU seconds and 375 MB memory.
2026-10-02 14:32:24.515 INFO   [3FB7F8\95E5ED] Auto-router pass #3 on board '2e6c3a2a52f97e9478eb62ff2b643ebc' was completed in 0.34 seconds with the score of 984.05 (1 unrouted), using 2.48 CPU seconds and 375 MB memory.
2026-10-02 14:32:25.809 INFO   [3FB7F8\95E5ED] Auto-router pass #4 on board 'af95ac85fafc4a962c8e556529043313' was completed in 1.25 seconds with the score of 966.07 (3 unrouted), using 6.02 CPU seconds and 689 MB memory.
2026-10-02 14:32:26.199 INFO   [3FB7F8\95E5ED] Auto-router pass #5 on board '7283c008f046cdb6e792187fccb7833b' was completed in 0.34 seconds with the score of 984.13 (1 unrouted), using 6.02 CPU seconds and 689 MB memory.
2026-10-02 14:32:26.438 INFO   [3FB7F8\95E5ED] Auto-router pass #6 on board 'dcc2c41f13b39ad1df378efe4ba3c0a9' was completed in 0.20 seconds with the score of 984.13 (1 unrouted), using 6.02 CPU seconds and 689 MB memory.
2026-10-02 14:32:26.656 INFO   [3FB7F8\95E5ED] Auto-router pass #7 on board 'dcc2c41f13b39ad1df378efe4ba3c0a9' was completed in 0.20 seconds with the score of 984.13 (1 unrouted), using 6.02 CPU seconds and 689 MB memory.
2026-10-02 14:32:27.376 INFO   [3FB7F8\95E5ED] Auto-router pass #8 on board 'dcc2c41f13b39ad1df378efe4ba3c0a9' was completed in 0.71 seconds with the score of 992.16, using 8.43 CPU seconds and 876 MB memory.
2026-10-02 14:32:27.395 INFO   [3FB7F8\95E5ED] Auto-router pass #9 on board 'cdad07c4c972b28242f1e87750517e2a' was completed in 0.00 seconds with the score of 992.16, using 8.43 CPU seconds and 876 MB memory.
{
  "host": "KiCad's Pcbnew,9.0.2+dfsg-1",
  "unit": "mm",
  "board": {
    "bounding_box": {
      "x": 901.0,
      "y": -499.0,
      "width": 499.0,
      "height": -801.0
    },
    "size": {
      "x": 0.0,
      "y": 0.0,
      "width": 402.0,
      "height": 302.0
    }
  },
  "layers": {
    "total_count": 2,
    "signal_count": 2
  },
  "items": {
    "total_count": 458,
    "trace_count": 55,
    "via_count": 10,
    "conduction_area_count": 2,
    "drill_item_count": 71,
    "pin_count": 0,
    "component_count": 315,
    "other_count": 5
  },
  "components": {
    "total_count": 30
  },
  "pads": {
    "total_count": 71
  },
  "nets": {
    "total_count": 19,
    "class_count": 3
  },
  "connections": {
    "maximum_count": 119,
    "incomplete_count": 0
  },
  "traces": {
    "total_count": 55,
    "total_segment_count": 127,
    "total_length": 2513.1958,
    "total_weighted_length": 7409216.5,
    "average_length": 45.69447,
    "total_vertical_length": 863.582,
    "total_horizontal_length": 536.955,
    "total_angled_length": 712.9731
  },
  "bends": {
    "total_count": 72,
    "90_degree_count": 1,
    "45_degree_count": 71,
    "other_angle_count": 0
  },
  "vias": {
    "total_count": 10,
    "through_hole_count": 10,
    "blind_count": 0,
    "buried_count": 0
  },
  "clearance_violations": {
    "total_count": 0
  }
}
