2026-10-09 12:28:27.155 INFO   Freerouting v2.1.0 (build-date: 2025-04-12)
2026-10-09 12:28:27.268 WARN   No default constructor found for field: currentLocale
2026-10-09 12:28:27.269 INFO   Settings were loaded from freerouting.json
2026-10-09 12:28:28.812 INFO   [C92C00\ABB316] Job 'C92C00\ABB316' started at 2026-10-09T12:28:28.811894109Z
2026-10-09 12:28:29.447 INFO   New version available: v2.5.0
2026-10-09 12:28:32.144 INFO   [C92C00\ABB316] Auto-router pass #1 on board '32f6343c6be9d6348563bed0befb8ffe' was completed in 2.83 seconds with the score of 978.91, using 1.93 CPU seconds and 338 MB memory.
2026-10-09 12:28:32.219 INFO   [C92C00\ABB316] Auto-router pass #2 on board '5b391b97da897d72ab79ec53ca215e39' was completed in 0.01 seconds with the score of 978.91, using 1.93 CPU seconds and 338 MB memory.
{
  "host": "KiCad's Pcbnew,9.0.2+dfsg-1",
  "unit": "mm",
  "board": {
    "bounding_box": {
      "x": 1651.0,
      "y": -499.0,
      "width": 499.0,
      "height": -1351.0
    },
    "size": {
      "x": 0.0,
      "y": 0.0,
      "width": 1152.0,
      "height": 852.0
    }
  },
  "layers": {
    "total_count": 2,
    "signal_count": 2
  },
  "items": {
    "total_count": 755,
    "trace_count": 37,
    "via_count": 0,
    "conduction_area_count": 2,
    "drill_item_count": 66,
    "pin_count": 0,
    "component_count": 645,
    "other_count": 5
  },
  "components": {
    "total_count": 29
  },
  "pads": {
    "total_count": 66
  },
  "nets": {
    "total_count": 17,
    "class_count": 4
  },
  "connections": {
    "maximum_count": 88,
    "incomplete_count": 0
  },
  "traces": {
    "total_count": 37,
    "total_segment_count": 74,
    "total_length": 7053.2456,
    "total_weighted_length": 2.1704112E7,
    "average_length": 190.62825,
    "total_vertical_length": 2236.075,
    "total_horizontal_length": 1613.807,
    "total_angled_length": 1854.6022
  },
  "bends": {
    "total_count": 37,
    "90_degree_count": 0,
    "45_degree_count": 37,
    "other_angle_count": 0
  },
  "vias": {
    "total_count": 0,
    "through_hole_count": 0,
    "blind_count": 0,
    "buried_count": 0
  },
  "clearance_violations": {
    "total_count": 0
  }
}
