granular_reference_10_shifters,64,FFT,0,0,0,0
granular_reference_10_shifters,64,render_excluding_fft_and_held,0,0,0,0
granular_reference_10_shifters,64,frame_interpretation,0,0,0,0
granular_reference_10_shifters,64,Attack,0,0,0,0
granular_reference_10_shifters,64,freeze_update,0,0,0,0
granular_reference_10_shifters,64,held_render,0,0,0,0
FFT_dispatch,granular_reference_10_shifters,64,0,0,0,0
spectral_identity_focus_transition,64,FFT,19500,510042,510042,60.5889
spectral_identity_focus_transition,64,render_excluding_fft_and_held,0,0,0,0
spectral_identity_focus_transition,64,frame_interpretation,0,0,0,0
spectral_identity_focus_transition,64,Attack,0,0,0,0
spectral_identity_focus_transition,64,freeze_update,0,0,0,0
spectral_identity_focus_transition,64,held_render,0,0,0,0
FFT_dispatch,spectral_identity_focus_transition,64,0,4500,15000,0
spectral_pitch_bank_warp_focus,64,FFT,20231,671568,671568,18.9339
spectral_pitch_bank_warp_focus,64,render_excluding_fft_and_held,14984,1.99768e+06,1.56482e+06,44.1179
spectral_pitch_bank_warp_focus,64,frame_interpretation,5247,665050,665050,18.7502
spectral_pitch_bank_warp_focus,64,Attack,2622,325158,325158,9.16737
spectral_pitch_bank_warp_focus,64,freeze_update,749,177195,177195,4.99577
spectral_pitch_bank_warp_focus,64,held_render,0,0,0,0
FFT_dispatch,spectral_pitch_bank_warp_focus,64,0,5247,14984,0
spectral_pitch_bank_attack_warp_focus,64,FFT,20231,662139,662139,19.3462
spectral_pitch_bank_attack_warp_focus,64,render_excluding_fft_and_held,14984,1.62739e+06,1.1982e+06,35.0087
spectral_pitch_bank_attack_warp_focus,64,frame_interpretation,5247,663284,663284,19.3796
spectral_pitch_bank_attack_warp_focus,64,Attack,2622,653857,653857,19.1042
spectral_pitch_bank_attack_warp_focus,64,freeze_update,749,100342,100342,2.93176
spectral_pitch_bank_attack_warp_focus,64,held_render,0,0,0,0
FFT_dispatch,spectral_pitch_bank_attack_warp_focus,64,0,5247,14984,0
static_sound_path_filter_space_pan_attack,64,FFT,20231,668063,668063,17.7317
static_sound_path_filter_space_pan_attack,64,render_excluding_fft_and_held,14984,1.61781e+06,1.18566e+06,31.4699
static_sound_path_filter_space_pan_attack,64,frame_interpretation,5247,669647,669647,17.7738
static_sound_path_filter_space_pan_attack,64,Attack,2622,679950,679950,18.0472
static_sound_path_filter_space_pan_attack,64,freeze_update,749,101798,101798,2.70191
static_sound_path_filter_space_pan_attack,64,held_render,0,0,0,0
FFT_dispatch,static_sound_path_filter_space_pan_attack,64,0,5247,14984,0
expression_modes_filter_space_pan_attack,64,FFT,20231,664594,664594,17.0087
expression_modes_filter_space_pan_attack,64,render_excluding_fft_and_held,14984,1.77691e+06,1.12151e+06,28.7024
expression_modes_filter_space_pan_attack,64,frame_interpretation,5247,671142,671142,17.1762
expression_modes_filter_space_pan_attack,64,Attack,2622,679882,679882,17.3999
expression_modes_filter_space_pan_attack,64,freeze_update,749,105602,105602,2.70261
expression_modes_filter_space_pan_attack,64,held_render,4704,225246,225246,5.76461
FFT_dispatch,expression_modes_filter_space_pan_attack,64,0,5247,14984,0
freeze_gliss_capture_assignment_filter_space,64,FFT,20231,675245,675245,15.8687
freeze_gliss_capture_assignment_filter_space,64,render_excluding_fft_and_held,14984,2.11398e+06,926203,21.7664
freeze_gliss_capture_assignment_filter_space,64,frame_interpretation,5247,669152,669152,15.7256
freeze_gliss_capture_assignment_filter_space,64,Attack,2622,659743,659743,15.5044
freeze_gliss_capture_assignment_filter_space,64,freeze_update,749,147341,147341,3.46262
freeze_gliss_capture_assignment_filter_space,64,held_render,16224,750266,750266,17.6318
FFT_dispatch,freeze_gliss_capture_assignment_filter_space,64,0,5247,14984,0
granular_reference_10_shifters,128,FFT,0,0,0,0
granular_reference_10_shifters,128,render_excluding_fft_and_held,0,0,0,0
granular_reference_10_shifters,128,frame_interpretation,0,0,0,0
granular_reference_10_shifters,128,Attack,0,0,0,0
granular_reference_10_shifters,128,freeze_update,0,0,0,0
granular_reference_10_shifters,128,held_render,0,0,0,0
FFT_dispatch,granular_reference_10_shifters,128,0,0,0,0
spectral_identity_focus_transition,128,FFT,19500,519655,519655,60.5545
spectral_identity_focus_transition,128,render_excluding_fft_and_held,0,0,0,0
spectral_identity_focus_transition,128,frame_interpretation,0,0,0,0
spectral_identity_focus_transition,128,Attack,0,0,0,0
spectral_identity_focus_transition,128,freeze_update,0,0,0,0
spectral_identity_focus_transition,128,held_render,0,0,0,0
FFT_dispatch,spectral_identity_focus_transition,128,0,4500,15000,0
spectral_pitch_bank_warp_focus,128,FFT,20231,664386,664386,18.7029
spectral_pitch_bank_warp_focus,128,render_excluding_fft_and_held,14984,1.99696e+06,1.56746e+06,44.1249
spectral_pitch_bank_warp_focus,128,frame_interpretation,5247,667548,667548,18.7919
spectral_pitch_bank_warp_focus,128,Attack,2622,321283,321283,9.04431
spectral_pitch_bank_warp_focus,128,freeze_update,749,180791,180791,5.08938
spectral_pitch_bank_warp_focus,128,held_render,0,0,0,0
FFT_dispatch,spectral_pitch_bank_warp_focus,128,0,5247,14984,0
spectral_pitch_bank_attack_warp_focus,128,FFT,20231,663815,663815,19.3794
spectral_pitch_bank_attack_warp_focus,128,render_excluding_fft_and_held,14984,1.62945e+06,1.19971e+06,35.0241
spectral_pitch_bank_attack_warp_focus,128,frame_interpretation,5247,664783,664783,19.4076
spectral_pitch_bank_attack_warp_focus,128,Attack,2622,646265,646265,18.867
spectral_pitch_bank_attack_warp_focus,128,freeze_update,749,101077,101077,2.95084
spectral_pitch_bank_attack_warp_focus,128,held_render,0,0,0,0
FFT_dispatch,spectral_pitch_bank_attack_warp_focus,128,0,5247,14984,0
static_sound_path_filter_space_pan_attack,128,FFT,20231,664243,664243,17.6341
static_sound_path_filter_space_pan_attack,128,render_excluding_fft_and_held,14984,1.62035e+06,1.18747e+06,31.5246
static_sound_path_filter_space_pan_attack,128,frame_interpretation,5247,668516,668516,17.7475
static_sound_path_filter_space_pan_attack,128,Attack,2622,680022,680022,18.053
static_sound_path_filter_space_pan_attack,128,freeze_update,749,100252,100252,2.66146
static_sound_path_filter_space_pan_attack,128,held_render,0,0,0,0
FFT_dispatch,static_sound_path_filter_space_pan_attack,128,0,5247,14984,0
expression_modes_filter_space_pan_attack,128,FFT,20231,671639,671639,17.225
expression_modes_filter_space_pan_attack,128,render_excluding_fft_and_held,14984,1.77045e+06,1.1136e+06,28.5595
expression_modes_filter_space_pan_attack,128,frame_interpretation,5247,668970,668970,17.1565
expression_modes_filter_space_pan_attack,128,Attack,2622,677483,677483,17.3748
expression_modes_filter_space_pan_attack,128,freeze_update,749,105800,105800,2.71337
expression_modes_filter_space_pan_attack,128,held_render,4704,222042,222042,5.69453
FFT_dispatch,expression_modes_filter_space_pan_attack,128,0,5247,14984,0
freeze_gliss_capture_assignment_filter_space,128,FFT,20231,681506,681506,15.9622
freeze_gliss_capture_assignment_filter_space,128,render_excluding_fft_and_held,14984,2.11667e+06,912622,21.3754
freeze_gliss_capture_assignment_filter_space,128,frame_interpretation,5247,671521,671521,15.7283
freeze_gliss_capture_assignment_filter_space,128,Attack,2622,658063,658063,15.4131
freeze_gliss_capture_assignment_filter_space,128,freeze_update,749,148404,148404,3.47591
freeze_gliss_capture_assignment_filter_space,128,held_render,16224,766611,766611,17.9555
FFT_dispatch,freeze_gliss_capture_assignment_filter_space,128,0,5247,14984,0
Prepared reference/foundation/pitch workloads; optimized host timings do not certify target-device or full-block performance.
