2026-10-08 19:36:43.258 INFO   Freerouting v2.1.0 (build-date: 2025-04-12)
2026-10-08 19:36:44.793 INFO   [C428A8\FFAADF] Job 'C428A8\FFAADF' started at 2026-10-08T19:36:44.793255433Z
2026-10-08 19:36:45.327 INFO   New version available: v2.5.0
2026-10-08 19:36:47.748 INFO   [C428A8\FFAADF] Auto-router pass #1 on board 'fa0ec2b244d64ed2c5907c28a31693ed' was completed in 2.51 seconds with the score of 984.13, using 1.05 CPU seconds and 170 MB memory.
2026-10-08 19:36:47.858 INFO   [C428A8\FFAADF] Auto-router pass #2 on board 'ed4b924983bbe137314491bc85a9e213' was completed in 0.01 seconds with the score of 984.13, using 2.19 CPU seconds and 383 MB memory.
{
  "host": "KiCad's Pcbnew,9.0.2+dfsg-1",
  "unit": "mm",
  "board": {
    "bounding_box": {
      "x": 1501.0,
      "y": -499.0,
      "width": 499.0,
      "height": -1251.0
    },
    "size": {
      "x": 0.0,
      "y": 0.0,
      "width": 1002.0,
      "height": 752.0
    }
  },
  "layers": {
    "total_count": 2,
    "signal_count": 2
  },
  "items": {
    "total_count": 599,
    "trace_count": 46,
    "via_count": 0,
    "conduction_area_count": 2,
    "drill_item_count": 71,
    "pin_count": 0,
    "component_count": 479,
    "other_count": 1
  },
  "components": {
    "total_count": 28
  },
  "pads": {
    "total_count": 71
  },
  "nets": {
    "total_count": 19,
    "class_count": 3
  },
  "connections": {
    "maximum_count": 100,
    "incomplete_count": 0
  },
  "traces": {
    "total_count": 46,
    "total_segment_count": 87,
    "total_length": 5936.5835,
    "total_weighted_length": 1.754621E7,
    "average_length": 129.05617,
    "total_vertical_length": 1492.774,
    "total_horizontal_length": 1288.901,
    "total_angled_length": 1154.0057
  },
  "bends": {
    "total_count": 41,
    "90_degree_count": 0,
    "45_degree_count": 41,
    "other_angle_count": 0
  },
  "vias": {
    "total_count": 0,
    "through_hole_count": 0,
    "blind_count": 0,
    "buried_count": 0
  },
  "clearance_violations": {
    "total_count": 0
  }
}
