2026-10-02 14:32:10.811 INFO   Freerouting v2.1.0 (build-date: 2025-04-12)
2026-10-02 14:32:10.896 WARN   No default constructor found for field: currentLocale
2026-10-02 14:32:10.898 INFO   Settings were loaded from freerouting.json
2026-10-02 14:32:12.645 INFO   [0FEE17\0E0867] Job '0FEE17\0E0867' started at 2026-10-02T14:32:12.645442258Z
2026-10-02 14:32:13.553 INFO   New version available: v2.4.1
2026-10-02 14:32:15.483 INFO   [0FEE17\0E0867] Auto-router pass #1 on board 'faff7e16ff9ec292f29443b7c6bd4eb4' was completed in 2.28 seconds with the score of 947.28 (4 unrouted), using 0.91 CPU seconds and 132 MB memory.
2026-10-02 14:32:16.200 INFO   [0FEE17\0E0867] Auto-router pass #2 on board '0d616f8692a62b410f360ee9baa31427' was completed in 0.68 seconds with the score of 960.61 (3 unrouted), using 1.92 CPU seconds and 292 MB memory.
2026-10-02 14:32:16.795 INFO   [0FEE17\0E0867] Auto-router pass #3 on board '5048c8beac0668723c20a47bc6343b6f' was completed in 0.55 seconds with the score of 957.75 (3 unrouted), using 3.33 CPU seconds and 477 MB memory.
2026-10-02 14:32:18.165 INFO   [0FEE17\0E0867] Auto-router pass #4 on board 'faf1dbf582700d5b6d215861fbf02726' was completed in 1.33 seconds with the score of 980.98 (1 unrouted), using 5.25 CPU seconds and 660 MB memory.
2026-10-02 14:32:18.278 INFO   [0FEE17\0E0867] Auto-router pass #5 on board '0b66194cb0bad4feba0c43499e38f019' was completed in 0.07 seconds with the score of 981.15 (1 unrouted), using 5.25 CPU seconds and 660 MB memory.
2026-10-02 14:32:18.425 INFO   [0FEE17\0E0867] Auto-router pass #6 on board 'cba2718859cdbe0da60a3e291cc1b990' was completed in 0.10 seconds with the score of 981.55 (1 unrouted), using 5.25 CPU seconds and 660 MB memory.
2026-10-02 14:32:18.690 INFO   [0FEE17\0E0867] Auto-router pass #7 on board 'd7a273e9b8a244b34f113a34664f2c47' was completed in 0.24 seconds with the score of 991.87, using 7.58 CPU seconds and 835 MB memory.
2026-10-02 14:32:18.747 INFO   [0FEE17\0E0867] Restoring an earlier board that has the score of 991.87.
2026-10-02 14:32:18.748 INFO   [0FEE17\0E0867] Auto-router pass #8 on board 'd656c520644588409797307a86657c97' was completed in 0.01 seconds with the score of 991.87, using 7.58 CPU seconds and 835 MB memory.
{
  "host": "KiCad's Pcbnew,9.0.2+dfsg-1",
  "unit": "mm",
  "board": {
    "bounding_box": {
      "x": 861.0,
      "y": -499.0,
      "width": 499.0,
      "height": -801.0
    },
    "size": {
      "x": 0.0,
      "y": 0.0,
      "width": 362.0,
      "height": 302.0
    }
  },
  "layers": {
    "total_count": 2,
    "signal_count": 2
  },
  "items": {
    "total_count": 385,
    "trace_count": 39,
    "via_count": 13,
    "conduction_area_count": 2,
    "drill_item_count": 65,
    "pin_count": 0,
    "component_count": 261,
    "other_count": 5
  },
  "components": {
    "total_count": 23
  },
  "pads": {
    "total_count": 65
  },
  "nets": {
    "total_count": 18,
    "class_count": 4
  },
  "connections": {
    "maximum_count": 101,
    "incomplete_count": 0
  },
  "traces": {
    "total_count": 39,
    "total_segment_count": 102,
    "total_length": 2004.3652,
    "total_weighted_length": 5465858.5,
    "average_length": 51.393982,
    "total_vertical_length": 492.073,
    "total_horizontal_length": 569.598,
    "total_angled_length": 575.59796
  },
  "bends": {
    "total_count": 63,
    "90_degree_count": 4,
    "45_degree_count": 58,
    "other_angle_count": 1
  },
  "vias": {
    "total_count": 13,
    "through_hole_count": 13,
    "blind_count": 0,
    "buried_count": 0
  },
  "clearance_violations": {
    "total_count": 0
  }
}
