2026-10-02 14:32:10.793 INFO   Freerouting v2.1.0 (build-date: 2025-04-12)
2026-10-02 14:32:10.896 WARN   No default constructor found for field: currentLocale
2026-10-02 14:32:10.898 INFO   Settings were loaded from freerouting.json
2026-10-02 14:32:12.601 INFO   [C0B2D8\C258F6] Job 'C0B2D8\C258F6' started at 2026-10-02T14:32:12.601132076Z
2026-10-02 14:32:13.575 INFO   New version available: v2.4.1
2026-10-02 14:32:15.596 INFO   [C0B2D8\C258F6] Auto-router pass #1 on board '4b85b93eb34e87331d8160bb9122f4d3' was completed in 2.42 seconds with the score of 973.70 (2 unrouted), using 0.90 CPU seconds and 150 MB memory.
2026-10-02 14:32:15.994 INFO   [C0B2D8\C258F6] Auto-router pass #2 on board '3549db5f729a7e1617d8c4fd5bba3fe8' was completed in 0.35 seconds with the score of 982.77 (1 unrouted), using 1.94 CPU seconds and 357 MB memory.
2026-10-02 14:32:16.222 INFO   [C0B2D8\C258F6] Auto-router pass #3 on board 'a6bce57fb4bb95fbea06455e112bece3' was completed in 0.17 seconds with the score of 982.68 (1 unrouted), using 1.94 CPU seconds and 357 MB memory.
2026-10-02 14:32:16.877 INFO   [C0B2D8\C258F6] Auto-router pass #4 on board 'f5c668d1ac96cb6e431ccab65d254599' was completed in 0.59 seconds with the score of 991.24, using 3.34 CPU seconds and 481 MB memory.
2026-10-02 14:32:16.956 INFO   [C0B2D8\C258F6] Auto-router pass #5 on board '5374a4cea5c9c37cd5da4f45e20c46da' was completed in 0.01 seconds with the score of 991.24, using 3.34 CPU seconds and 481 MB memory.
{
  "host": "KiCad's Pcbnew,9.0.2+dfsg-1",
  "unit": "mm",
  "board": {
    "bounding_box": {
      "x": 961.0,
      "y": -499.0,
      "width": 499.0,
      "height": -841.0
    },
    "size": {
      "x": 0.0,
      "y": 0.0,
      "width": 462.0,
      "height": 342.0
    }
  },
  "layers": {
    "total_count": 2,
    "signal_count": 2
  },
  "items": {
    "total_count": 496,
    "trace_count": 54,
    "via_count": 6,
    "conduction_area_count": 2,
    "drill_item_count": 66,
    "pin_count": 0,
    "component_count": 363,
    "other_count": 5
  },
  "components": {
    "total_count": 29
  },
  "pads": {
    "total_count": 66
  },
  "nets": {
    "total_count": 17,
    "class_count": 4
  },
  "connections": {
    "maximum_count": 111,
    "incomplete_count": 0
  },
  "traces": {
    "total_count": 54,
    "total_segment_count": 104,
    "total_length": 3091.4204,
    "total_weighted_length": 9357029.0,
    "average_length": 57.248528,
    "total_vertical_length": 831.62,
    "total_horizontal_length": 491.965,
    "total_angled_length": 766.9664
  },
  "bends": {
    "total_count": 50,
    "90_degree_count": 0,
    "45_degree_count": 50,
    "other_angle_count": 0
  },
  "vias": {
    "total_count": 6,
    "through_hole_count": 6,
    "blind_count": 0,
    "buried_count": 0
  },
  "clearance_violations": {
    "total_count": 0
  }
}
