-- The CXX compiler identification is GNU 14.2.0
-- Detecting CXX compiler ABI info
-- Detecting CXX compiler ABI info - done
-- Check for working CXX compiler: /usr/bin/c++ - skipped
-- Detecting CXX compile features
-- Detecting CXX compile features - done
-- Performing Test CMAKE_HAVE_LIBC_PTHREAD
-- Performing Test CMAKE_HAVE_LIBC_PTHREAD - Success
-- Found Threads: TRUE
-- Configuring done (0.4s)
-- Generating done (0.0s)
-- Build files have been written to: /tmp/ardor-pog3-device-build/binsort-candidate-host
[ 16%] Building CXX object CMakeFiles/device_pog3.dir/home/bbalazs/projects/ardor-pog3/src/dsp/RealtimeFft.cpp.o
[ 16%] Building CXX object CMakeFiles/device_pog3.dir/home/bbalazs/projects/ardor-pog3/src/daisyfx/pog3/Pog3Parameters.cpp.o
[ 25%] Building CXX object CMakeFiles/device_pog3.dir/home/bbalazs/projects/ardor-pog3/src/daisyfx/pog3/Pog3Processor.cpp.o
[ 33%] Building CXX object CMakeFiles/device_pog3.dir/home/bbalazs/projects/ardor-pog3/src/daisyfx/pog3/SpectralFreeze.cpp.o
[ 41%] Building CXX object CMakeFiles/device_pog3.dir/home/bbalazs/projects/ardor-pog3/src/daisyfx/pog3/Pog3VoiceStages.cpp.o
[ 50%] Building CXX object CMakeFiles/device_pog3.dir/home/bbalazs/projects/ardor-pog3/src/daisyfx/pog3/PolyphonicAttack.cpp.o
[ 58%] Building CXX object CMakeFiles/device_pog3.dir/home/bbalazs/projects/ardor-pog3/src/daisyfx/pog3/PolyphonicPitchBank.cpp.o
[ 66%] Building CXX object CMakeFiles/device_pog3.dir/home/bbalazs/projects/ardor-pog3/src/daisyfx/pog3/SpectralFrameStream.cpp.o
[ 75%] Linking CXX static library libdevice_pog3.a
[ 75%] Built target device_pog3
[ 83%] Building CXX object CMakeFiles/pog3-device-full.dir/home/bbalazs/projects/ardor-pog3/tests/pog3_bench.cpp.o
[ 91%] Building CXX object CMakeFiles/pog3-device-full.dir/home/bbalazs/projects/ardor-pog3/src/daisyfx/hosted/dsp/pitch_shifter.cpp.o
[100%] Linking CXX executable pog3-device-full
[100%] Built target pog3-device-full
-- The CXX compiler identification is GNU 14.2.0
-- Detecting CXX compiler ABI info
-- Detecting CXX compiler ABI info - done
-- Check for working CXX compiler: /usr/bin/c++ - skipped
-- Detecting CXX compile features
-- Detecting CXX compile features - done
-- Performing Test CMAKE_HAVE_LIBC_PTHREAD
-- Performing Test CMAKE_HAVE_LIBC_PTHREAD - Success
-- Found Threads: TRUE
-- Configuring done (0.5s)
-- Generating done (0.0s)
-- Build files have been written to: /tmp/ardor-pog3-device-build/binsort-candidate-optin
[ 11%] Building CXX object CMakeFiles/device_pog3.dir/home/bbalazs/projects/ardor-pog3/src/dsp/RealtimeFft.cpp.o
[ 22%] Building CXX object CMakeFiles/device_pog3.dir/home/bbalazs/projects/ardor-pog3/src/daisyfx/pog3/Pog3Parameters.cpp.o
[ 33%] Building CXX object CMakeFiles/device_pog3.dir/home/bbalazs/projects/ardor-pog3/src/daisyfx/pog3/Pog3Processor.cpp.o
[ 44%] Building CXX object CMakeFiles/device_pog3.dir/home/bbalazs/projects/ardor-pog3/src/daisyfx/pog3/SpectralFreeze.cpp.o
[ 55%] Building CXX object CMakeFiles/device_pog3.dir/home/bbalazs/projects/ardor-pog3/src/daisyfx/pog3/Pog3VoiceStages.cpp.o
[ 66%] Building CXX object CMakeFiles/device_pog3.dir/home/bbalazs/projects/ardor-pog3/src/daisyfx/pog3/PolyphonicAttack.cpp.o
[ 77%] Building CXX object CMakeFiles/device_pog3.dir/home/bbalazs/projects/ardor-pog3/src/daisyfx/pog3/PolyphonicPitchBank.cpp.o
[ 88%] Building CXX object CMakeFiles/device_pog3.dir/home/bbalazs/projects/ardor-pog3/src/daisyfx/pog3/SpectralFrameStream.cpp.o
[100%] Linking CXX static library libdevice_pog3.a
[100%] Built target device_pog3
