2026-10-09 12:28:20.873 INFO   Freerouting v2.1.0 (build-date: 2025-04-12)
2026-10-09 12:28:20.973 WARN   No default constructor found for field: currentLocale
2026-10-09 12:28:20.974 INFO   Settings were loaded from freerouting.json
2026-10-09 12:28:22.437 INFO   [299769\2E03C9] Job '299769\2E03C9' started at 2026-10-09T12:28:22.437464367Z
2026-10-09 12:28:23.496 INFO   New version available: v2.5.0
2026-10-09 12:28:24.767 INFO   [299769\2E03C9] Auto-router pass #1 on board '1346edd986924e95daea2d54f5ef26aa' was completed in 1.77 seconds with the score of 980.41, using 1.03 CPU seconds and 151 MB memory.
2026-10-09 12:28:24.873 INFO   [299769\2E03C9] Auto-router pass #2 on board '8aad698ca08f172cda7c5994ce340a71' was completed in 0.03 seconds with the score of 980.41, using 1.03 CPU seconds and 151 MB memory.
{
  "host": "KiCad's Pcbnew,9.0.2+dfsg-1",
  "unit": "mm",
  "board": {
    "bounding_box": {
      "x": 1351.0,
      "y": -499.0,
      "width": 499.0,
      "height": -1201.0
    },
    "size": {
      "x": 0.0,
      "y": 0.0,
      "width": 852.0,
      "height": 702.0
    }
  },
  "layers": {
    "total_count": 2,
    "signal_count": 2
  },
  "items": {
    "total_count": 262,
    "trace_count": 35,
    "via_count": 0,
    "conduction_area_count": 2,
    "drill_item_count": 42,
    "pin_count": 0,
    "component_count": 178,
    "other_count": 5
  },
  "components": {
    "total_count": 20
  },
  "pads": {
    "total_count": 42
  },
  "nets": {
    "total_count": 12,
    "class_count": 4
  },
  "connections": {
    "maximum_count": 67,
    "incomplete_count": 0
  },
  "traces": {
    "total_count": 35,
    "total_segment_count": 64,
    "total_length": 4958.9834,
    "total_weighted_length": 1.7589444E7,
    "average_length": 141.68526,
    "total_vertical_length": 2320.345,
    "total_horizontal_length": 605.707,
    "total_angled_length": 1272.9365
  },
  "bends": {
    "total_count": 29,
    "90_degree_count": 0,
    "45_degree_count": 29,
    "other_angle_count": 0
  },
  "vias": {
    "total_count": 0,
    "through_hole_count": 0,
    "blind_count": 0,
    "buried_count": 0
  },
  "clearance_violations": {
    "total_count": 0
  }
}
