2026-10-09 12:28:20.874 INFO   Freerouting v2.1.0 (build-date: 2025-04-12)
2026-10-09 12:28:20.976 WARN   No default constructor found for field: currentLocale
2026-10-09 12:28:20.977 INFO   Settings were loaded from freerouting.json
2026-10-09 12:28:23.028 INFO   [ECD088\79861E] Job 'ECD088\79861E' started at 2026-10-09T12:28:23.027745994Z
2026-10-09 12:28:23.486 INFO   New version available: v2.5.0
2026-10-09 12:28:26.231 INFO   [ECD088\79861E] Auto-router pass #1 on board '078236775548024b23448a324018867f' was completed in 2.68 seconds with the score of 983.20, using 2.35 CPU seconds and 435 MB memory.
2026-10-09 12:28:26.349 INFO   [ECD088\79861E] Auto-router pass #2 on board '6614d34251430edc4ff398990a648d28' was completed in 0.01 seconds with the score of 983.20, using 2.35 CPU seconds and 435 MB memory.
{
  "host": "KiCad's Pcbnew,9.0.2+dfsg-1",
  "unit": "mm",
  "board": {
    "bounding_box": {
      "x": 1601.0,
      "y": -499.0,
      "width": 499.0,
      "height": -1351.0
    },
    "size": {
      "x": 0.0,
      "y": 0.0,
      "width": 1102.0,
      "height": 852.0
    }
  },
  "layers": {
    "total_count": 2,
    "signal_count": 2
  },
  "items": {
    "total_count": 548,
    "trace_count": 54,
    "via_count": 0,
    "conduction_area_count": 2,
    "drill_item_count": 76,
    "pin_count": 0,
    "component_count": 411,
    "other_count": 5
  },
  "components": {
    "total_count": 31
  },
  "pads": {
    "total_count": 76
  },
  "nets": {
    "total_count": 20,
    "class_count": 4
  },
  "connections": {
    "maximum_count": 112,
    "incomplete_count": 0
  },
  "traces": {
    "total_count": 54,
    "total_segment_count": 104,
    "total_length": 7025.543,
    "total_weighted_length": 2.1960542E7,
    "average_length": 130.10265,
    "total_vertical_length": 1720.46,
    "total_horizontal_length": 1239.458,
    "total_angled_length": 2081.6016
  },
  "bends": {
    "total_count": 50,
    "90_degree_count": 0,
    "45_degree_count": 50,
    "other_angle_count": 0
  },
  "vias": {
    "total_count": 0,
    "through_hole_count": 0,
    "blind_count": 0,
    "buried_count": 0
  },
  "clearance_violations": {
    "total_count": 0
  }
}
