granular_reference_10_shifters,64,FFT,0,0,0,0
granular_reference_10_shifters,64,render_excluding_fft_and_held,0,0,0,0
granular_reference_10_shifters,64,frame_interpretation,0,0,0,0
granular_reference_10_shifters,64,Attack,0,0,0,0
granular_reference_10_shifters,64,freeze_update,0,0,0,0
granular_reference_10_shifters,64,held_render,0,0,0,0
spectral_identity_focus_transition,64,FFT,19500,739226,739226,67.7762
spectral_identity_focus_transition,64,render_excluding_fft_and_held,0,0,0,0
spectral_identity_focus_transition,64,frame_interpretation,0,0,0,0
spectral_identity_focus_transition,64,Attack,0,0,0,0
spectral_identity_focus_transition,64,freeze_update,0,0,0,0
spectral_identity_focus_transition,64,held_render,0,0,0,0
spectral_pitch_bank_warp_focus,64,FFT,20231,912735,912735,23.5885
spectral_pitch_bank_warp_focus,64,render_excluding_fft_and_held,14984,2.23104e+06,1.59281e+06,41.1641
spectral_pitch_bank_warp_focus,64,frame_interpretation,5247,719901,719901,18.605
spectral_pitch_bank_warp_focus,64,Attack,2622,321682,321682,8.31347
spectral_pitch_bank_warp_focus,64,freeze_update,749,182429,182429,4.71465
spectral_pitch_bank_warp_focus,64,held_render,0,0,0,0
spectral_pitch_bank_attack_warp_focus,64,FFT,20231,913356,913356,24.4052
spectral_pitch_bank_attack_warp_focus,64,render_excluding_fft_and_held,14984,1.85313e+06,1.21999e+06,32.5985
spectral_pitch_bank_attack_warp_focus,64,frame_interpretation,5247,717345,717345,19.1677
spectral_pitch_bank_attack_warp_focus,64,Attack,2622,650233,650233,17.3745
spectral_pitch_bank_attack_warp_focus,64,freeze_update,749,103110,103110,2.75514
spectral_pitch_bank_attack_warp_focus,64,held_render,0,0,0,0
static_sound_path_filter_space_pan_attack,64,FFT,20231,927540,927540,22.5789
static_sound_path_filter_space_pan_attack,64,render_excluding_fft_and_held,14984,1.85171e+06,1.21237e+06,29.5124
static_sound_path_filter_space_pan_attack,64,frame_interpretation,5247,720974,720974,17.5505
static_sound_path_filter_space_pan_attack,64,Attack,2622,673153,673153,16.3864
static_sound_path_filter_space_pan_attack,64,freeze_update,749,99852.1,99852.1,2.43068
static_sound_path_filter_space_pan_attack,64,held_render,0,0,0,0
expression_modes_filter_space_pan_attack,64,FFT,20231,919398,919398,21.6516
expression_modes_filter_space_pan_attack,64,render_excluding_fft_and_held,14984,2.01239e+06,1.15726e+06,27.2533
expression_modes_filter_space_pan_attack,64,frame_interpretation,5247,722976,722976,17.0259
expression_modes_filter_space_pan_attack,64,Attack,2622,678235,678235,15.9723
expression_modes_filter_space_pan_attack,64,freeze_update,749,106639,106639,2.51132
expression_modes_filter_space_pan_attack,64,held_render,4704,220181,220181,5.18521
freeze_gliss_capture_assignment_filter_space,64,FFT,20231,936094,936094,20.3104
freeze_gliss_capture_assignment_filter_space,64,render_excluding_fft_and_held,14984,2.34498e+06,952081,20.6573
freeze_gliss_capture_assignment_filter_space,64,frame_interpretation,5247,725328,725328,15.7375
freeze_gliss_capture_assignment_filter_space,64,Attack,2622,661494,661494,14.3524
freeze_gliss_capture_assignment_filter_space,64,freeze_update,749,149768,149768,3.24951
freeze_gliss_capture_assignment_filter_space,64,held_render,16224,748991,748991,16.2509
granular_reference_10_shifters,128,FFT,0,0,0,0
granular_reference_10_shifters,128,render_excluding_fft_and_held,0,0,0,0
granular_reference_10_shifters,128,frame_interpretation,0,0,0,0
granular_reference_10_shifters,128,Attack,0,0,0,0
granular_reference_10_shifters,128,freeze_update,0,0,0,0
granular_reference_10_shifters,128,held_render,0,0,0,0
spectral_identity_focus_transition,128,FFT,19500,750395,750395,67.7302
spectral_identity_focus_transition,128,render_excluding_fft_and_held,0,0,0,0
spectral_identity_focus_transition,128,frame_interpretation,0,0,0,0
spectral_identity_focus_transition,128,Attack,0,0,0,0
spectral_identity_focus_transition,128,freeze_update,0,0,0,0
spectral_identity_focus_transition,128,held_render,0,0,0,0
spectral_pitch_bank_warp_focus,128,FFT,20231,918257,918257,23.6844
spectral_pitch_bank_warp_focus,128,render_excluding_fft_and_held,14984,2.23722e+06,1.59497e+06,41.1387
spectral_pitch_bank_warp_focus,128,frame_interpretation,5247,718765,718765,18.5389
spectral_pitch_bank_warp_focus,128,Attack,2622,323946,323946,8.35547
spectral_pitch_bank_warp_focus,128,freeze_update,749,182682,182682,4.71188
spectral_pitch_bank_warp_focus,128,held_render,0,0,0,0
spectral_pitch_bank_attack_warp_focus,128,FFT,20231,908704,908704,24.2755
spectral_pitch_bank_attack_warp_focus,128,render_excluding_fft_and_held,14984,1.86273e+06,1.22851e+06,32.819
spectral_pitch_bank_attack_warp_focus,128,frame_interpretation,5247,718158,718158,19.1851
spectral_pitch_bank_attack_warp_focus,128,Attack,2622,650152,650152,17.3684
spectral_pitch_bank_attack_warp_focus,128,freeze_update,749,100644,100644,2.68864
spectral_pitch_bank_attack_warp_focus,128,held_render,0,0,0,0
static_sound_path_filter_space_pan_attack,128,FFT,20231,931333,931333,22.7183
static_sound_path_filter_space_pan_attack,128,render_excluding_fft_and_held,14984,1.84158e+06,1.19764e+06,29.2145
static_sound_path_filter_space_pan_attack,128,frame_interpretation,5247,720893,720893,17.585
static_sound_path_filter_space_pan_attack,128,Attack,2622,678829,678829,16.5589
static_sound_path_filter_space_pan_attack,128,freeze_update,749,100112,100112,2.44206
static_sound_path_filter_space_pan_attack,128,held_render,0,0,0,0
expression_modes_filter_space_pan_attack,128,FFT,20231,934997,934997,21.9547
expression_modes_filter_space_pan_attack,128,render_excluding_fft_and_held,14984,2.02791e+06,1.1628e+06,27.3036
expression_modes_filter_space_pan_attack,128,frame_interpretation,5247,720919,720919,16.9279
expression_modes_filter_space_pan_attack,128,Attack,2622,674379,674379,15.8351
expression_modes_filter_space_pan_attack,128,freeze_update,749,105256,105256,2.47152
expression_modes_filter_space_pan_attack,128,held_render,4704,219587,219587,5.15613
freeze_gliss_capture_assignment_filter_space,128,FFT,20231,936758,936758,20.3306
freeze_gliss_capture_assignment_filter_space,128,render_excluding_fft_and_held,14984,2.33846e+06,947370,20.5609
freeze_gliss_capture_assignment_filter_space,128,frame_interpretation,5247,724059,724059,15.7144
freeze_gliss_capture_assignment_filter_space,128,Attack,2622,665356,665356,14.4403
freeze_gliss_capture_assignment_filter_space,128,freeze_update,749,148631,148631,3.22577
freeze_gliss_capture_assignment_filter_space,128,held_render,16224,748651,748651,16.2481
Prepared reference/foundation/pitch workloads; optimized host timings do not certify target-device or full-block performance.
