2026-10-02 14:32:28.756 INFO   Freerouting v2.1.0 (build-date: 2025-04-12)
2026-10-02 14:32:28.826 WARN   No default constructor found for field: currentLocale
2026-10-02 14:32:28.827 INFO   Settings were loaded from freerouting.json
2026-10-02 14:32:30.126 INFO   [50A98F\FBEDC8] Job '50A98F\FBEDC8' started at 2026-10-02T14:32:30.125776199Z
2026-10-02 14:32:30.693 INFO   New version available: v2.4.1
2026-10-02 14:32:31.184 INFO   [50A98F\FBEDC8] Auto-router pass #1 on board 'ca75af65fcd178b5ccfab7859626f73e' was completed in 0.78 seconds with the score of 992.86, using 0.60 CPU seconds and 155 MB memory.
2026-10-02 14:32:31.239 INFO   [50A98F\FBEDC8] Auto-router pass #2 on board '66c1a82e3159512b3f5f876d09527da0' was completed in 0.00 seconds with the score of 992.86, using 0.60 CPU seconds and 155 MB memory.
{
  "host": "KiCad's Pcbnew,9.0.2+dfsg-1",
  "unit": "mm",
  "board": {
    "bounding_box": {
      "x": 841.0,
      "y": -499.0,
      "width": 499.0,
      "height": -781.0
    },
    "size": {
      "x": 0.0,
      "y": 0.0,
      "width": 342.0,
      "height": 282.0
    }
  },
  "layers": {
    "total_count": 2,
    "signal_count": 2
  },
  "items": {
    "total_count": 318,
    "trace_count": 36,
    "via_count": 4,
    "conduction_area_count": 2,
    "drill_item_count": 42,
    "pin_count": 0,
    "component_count": 229,
    "other_count": 5
  },
  "components": {
    "total_count": 20
  },
  "pads": {
    "total_count": 42
  },
  "nets": {
    "total_count": 12,
    "class_count": 4
  },
  "connections": {
    "maximum_count": 72,
    "incomplete_count": 0
  },
  "traces": {
    "total_count": 36,
    "total_segment_count": 65,
    "total_length": 1566.3887,
    "total_weighted_length": 5736494.0,
    "average_length": 43.510796,
    "total_vertical_length": 931.438,
    "total_horizontal_length": 286.055,
    "total_angled_length": 398.8959
  },
  "bends": {
    "total_count": 29,
    "90_degree_count": 0,
    "45_degree_count": 29,
    "other_angle_count": 0
  },
  "vias": {
    "total_count": 4,
    "through_hole_count": 4,
    "blind_count": 0,
    "buried_count": 0
  },
  "clearance_violations": {
    "total_count": 0
  }
}
