2026-10-08 19:36:37.214 INFO   Freerouting v2.1.0 (build-date: 2025-04-12)
2026-10-08 19:36:39.166 INFO   [8FFA55\2F8979] Job '8FFA55\2F8979' started at 2026-10-08T19:36:39.166600775Z
2026-10-08 19:36:39.955 INFO   New version available: v2.5.0
2026-10-08 19:36:42.596 INFO   [8FFA55\2F8979] Auto-router pass #1 on board 'fd595de7d16a2d4f55af8e207f882b87' was completed in 2.90 seconds with the score of 982.00, using 2.48 CPU seconds and 522 MB memory.
2026-10-08 19:36:42.658 INFO   [8FFA55\2F8979] Auto-router pass #2 on board '69d6f323d6c30fcd0e18d0d1e3be03e8' was completed in 0.01 seconds with the score of 982.00, using 2.48 CPU seconds and 522 MB memory.
{
  "host": "KiCad's Pcbnew,9.0.2+dfsg-1",
  "unit": "mm",
  "board": {
    "bounding_box": {
      "x": 1461.0,
      "y": -499.0,
      "width": 499.0,
      "height": -1341.0
    },
    "size": {
      "x": 0.0,
      "y": 0.0,
      "width": 962.0,
      "height": 842.0
    }
  },
  "layers": {
    "total_count": 2,
    "signal_count": 2
  },
  "items": {
    "total_count": 1178,
    "trace_count": 45,
    "via_count": 0,
    "conduction_area_count": 2,
    "drill_item_count": 94,
    "pin_count": 0,
    "component_count": 1036,
    "other_count": 1
  },
  "components": {
    "total_count": 36
  },
  "pads": {
    "total_count": 94
  },
  "nets": {
    "total_count": 29,
    "class_count": 4
  },
  "connections": {
    "maximum_count": 112,
    "incomplete_count": 0
  },
  "traces": {
    "total_count": 45,
    "total_segment_count": 100,
    "total_length": 7514.404,
    "total_weighted_length": 2.3860718E7,
    "average_length": 166.98676,
    "total_vertical_length": 2643.289,
    "total_horizontal_length": 1008.958,
    "total_angled_length": 1924.7472
  },
  "bends": {
    "total_count": 55,
    "90_degree_count": 0,
    "45_degree_count": 55,
    "other_angle_count": 0
  },
  "vias": {
    "total_count": 0,
    "through_hole_count": 0,
    "blind_count": 0,
    "buried_count": 0
  },
  "clearance_violations": {
    "total_count": 0
  }
}
