2026-10-02 14:32:20.366 INFO   Freerouting v2.1.0 (build-date: 2025-04-12)
2026-10-02 14:32:20.488 WARN   No default constructor found for field: currentLocale
2026-10-02 14:32:20.489 INFO   Settings were loaded from freerouting.json
2026-10-02 14:32:22.150 INFO   [8B449E\FFEBD0] Job '8B449E\FFEBD0' started at 2026-10-02T14:32:22.150115148Z
2026-10-02 14:32:23.406 INFO   New version available: v2.4.1
2026-10-02 14:32:25.936 INFO   [8B449E\FFEBD0] Auto-router pass #1 on board 'b791f8db97026b78f05169ff6970bba1' was completed in 3.15 seconds with the score of 973.85 (2 unrouted), using 1.77 CPU seconds and 261 MB memory.
2026-10-02 14:32:26.167 INFO   [8B449E\FFEBD0] Auto-router pass #2 on board 'ce9fa02eab061f5b4c15eac725db8e6c' was completed in 0.16 seconds with the score of 982.98 (1 unrouted), using 1.77 CPU seconds and 261 MB memory.
2026-10-02 14:32:26.420 INFO   [8B449E\FFEBD0] Auto-router pass #3 on board 'e8ea113d2365cdd120e6dcb8ada055cd' was completed in 0.18 seconds with the score of 982.62 (1 unrouted), using 3.05 CPU seconds and 439 MB memory.
2026-10-02 14:32:26.752 INFO   [8B449E\FFEBD0] Auto-router pass #4 on board 'bead9a28a021b88b2d598a0cbfbee54b' was completed in 0.28 seconds with the score of 982.98 (1 unrouted), using 3.05 CPU seconds and 439 MB memory.
2026-10-02 14:32:26.953 INFO   [8B449E\FFEBD0] Auto-router pass #5 on board 'ff72fe0d93d4158679b9a3057d6497ca' was completed in 0.14 seconds with the score of 982.62 (1 unrouted), using 3.05 CPU seconds and 439 MB memory.
2026-10-02 14:32:27.094 INFO   [8B449E\FFEBD0] Auto-router pass #6 on board '606a45fbf5289a1a79684d99b45a588e' was completed in 0.09 seconds with the score of 982.98 (1 unrouted), using 3.05 CPU seconds and 439 MB memory.
2026-10-02 14:32:27.264 INFO   [8B449E\FFEBD0] Auto-router pass #7 on board '13e4c8f24e56c53db12dba2fa71dbce4' was completed in 0.13 seconds with the score of 991.61, using 4.70 CPU seconds and 586 MB memory.
2026-10-02 14:32:27.350 INFO   [8B449E\FFEBD0] Restoring an earlier board that has the score of 991.61.
2026-10-02 14:32:27.351 INFO   [8B449E\FFEBD0] Auto-router pass #8 on board '857dcdd2e5fa723488cc89deb150fb23' was completed in 0.04 seconds with the score of 991.61, using 4.70 CPU seconds and 586 MB memory.
{
  "host": "KiCad's Pcbnew,9.0.2+dfsg-1",
  "unit": "mm",
  "board": {
    "bounding_box": {
      "x": 941.0,
      "y": -499.0,
      "width": 499.0,
      "height": -841.0
    },
    "size": {
      "x": 0.0,
      "y": 0.0,
      "width": 442.0,
      "height": 342.0
    }
  },
  "layers": {
    "total_count": 2,
    "signal_count": 2
  },
  "items": {
    "total_count": 521,
    "trace_count": 52,
    "via_count": 8,
    "conduction_area_count": 2,
    "drill_item_count": 74,
    "pin_count": 0,
    "component_count": 380,
    "other_count": 5
  },
  "components": {
    "total_count": 31
  },
  "pads": {
    "total_count": 74
  },
  "nets": {
    "total_count": 18,
    "class_count": 4
  },
  "connections": {
    "maximum_count": 118,
    "incomplete_count": 0
  },
  "traces": {
    "total_count": 52,
    "total_segment_count": 112,
    "total_length": 2958.7925,
    "total_weighted_length": 9198285.0,
    "average_length": 56.899857,
    "total_vertical_length": 1025.959,
    "total_horizontal_length": 469.623,
    "total_angled_length": 742.7906
  },
  "bends": {
    "total_count": 60,
    "90_degree_count": 0,
    "45_degree_count": 60,
    "other_angle_count": 0
  },
  "vias": {
    "total_count": 8,
    "through_hole_count": 8,
    "blind_count": 0,
    "buried_count": 0
  },
  "clearance_violations": {
    "total_count": 0
  }
}
