granular_reference_10_shifters,64,FFT,0,0,0,0
granular_reference_10_shifters,64,render_excluding_fft_and_held,0,0,0,0
granular_reference_10_shifters,64,frame_interpretation,0,0,0,0
granular_reference_10_shifters,64,Attack,0,0,0,0
granular_reference_10_shifters,64,freeze_update,0,0,0,0
granular_reference_10_shifters,64,held_render,0,0,0,0
FFT_dispatch,granular_reference_10_shifters,64,0,0,0,0
spectral_identity_focus_transition,64,FFT,19500,510067,510067,60.2753
spectral_identity_focus_transition,64,render_excluding_fft_and_held,0,0,0,0
spectral_identity_focus_transition,64,frame_interpretation,0,0,0,0
spectral_identity_focus_transition,64,Attack,0,0,0,0
spectral_identity_focus_transition,64,freeze_update,0,0,0,0
spectral_identity_focus_transition,64,held_render,0,0,0,0
FFT_dispatch,spectral_identity_focus_transition,64,0,4500,15000,0
spectral_pitch_bank_warp_focus,64,FFT,20231,633807,633807,18.2348
spectral_pitch_bank_warp_focus,64,render_excluding_fft_and_held,14984,1.94574e+06,1.5277e+06,43.9523
spectral_pitch_bank_warp_focus,64,frame_interpretation,5247,660045,660045,18.9896
spectral_pitch_bank_warp_focus,64,Attack,2622,317251,317251,9.12739
spectral_pitch_bank_warp_focus,64,freeze_update,749,200588,200588,5.77096
spectral_pitch_bank_warp_focus,64,held_render,0,0,0,0
FFT_dispatch,spectral_pitch_bank_warp_focus,64,0,5247,14984,0
spectral_pitch_bank_attack_warp_focus,64,FFT,20231,642361,642361,18.9845
spectral_pitch_bank_attack_warp_focus,64,render_excluding_fft_and_held,14984,1.59104e+06,1.1664e+06,34.4719
spectral_pitch_bank_attack_warp_focus,64,frame_interpretation,5247,663713,663713,19.6155
spectral_pitch_bank_attack_warp_focus,64,Attack,2622,646240,646240,19.0991
spectral_pitch_bank_attack_warp_focus,64,freeze_update,749,119964,119964,3.54544
spectral_pitch_bank_attack_warp_focus,64,held_render,0,0,0,0
FFT_dispatch,spectral_pitch_bank_attack_warp_focus,64,0,5247,14984,0
static_sound_path_filter_space_pan_attack,64,FFT,20231,642658,642658,17.3741
static_sound_path_filter_space_pan_attack,64,render_excluding_fft_and_held,14984,1.57431e+06,1.14833e+06,31.0448
static_sound_path_filter_space_pan_attack,64,frame_interpretation,5247,663889,663889,17.9481
static_sound_path_filter_space_pan_attack,64,Attack,2622,670738,670738,18.1333
static_sound_path_filter_space_pan_attack,64,freeze_update,749,116405,116405,3.14698
static_sound_path_filter_space_pan_attack,64,held_render,0,0,0,0
FFT_dispatch,static_sound_path_filter_space_pan_attack,64,0,5247,14984,0
expression_modes_filter_space_pan_attack,64,FFT,20231,650116,650116,16.9519
expression_modes_filter_space_pan_attack,64,render_excluding_fft_and_held,14984,1.70785e+06,1.08537e+06,28.3011
expression_modes_filter_space_pan_attack,64,frame_interpretation,5247,666435,666435,17.3774
expression_modes_filter_space_pan_attack,64,Attack,2622,674076,674076,17.5766
expression_modes_filter_space_pan_attack,64,freeze_update,749,122468,122468,3.19336
expression_modes_filter_space_pan_attack,64,held_render,4704,194875,194875,5.08139
FFT_dispatch,expression_modes_filter_space_pan_attack,64,0,5247,14984,0
freeze_gliss_capture_assignment_filter_space,64,FFT,20231,666115,666115,16.0417
freeze_gliss_capture_assignment_filter_space,64,render_excluding_fft_and_held,14984,2.00313e+06,895636,21.5691
freeze_gliss_capture_assignment_filter_space,64,frame_interpretation,5247,666266,666266,16.0453
freeze_gliss_capture_assignment_filter_space,64,Attack,2622,656258,656258,15.8043
freeze_gliss_capture_assignment_filter_space,64,freeze_update,749,164192,164192,3.95416
freeze_gliss_capture_assignment_filter_space,64,held_render,16224,673472,673472,16.2189
FFT_dispatch,freeze_gliss_capture_assignment_filter_space,64,0,5247,14984,0
granular_reference_10_shifters,128,FFT,0,0,0,0
granular_reference_10_shifters,128,render_excluding_fft_and_held,0,0,0,0
granular_reference_10_shifters,128,frame_interpretation,0,0,0,0
granular_reference_10_shifters,128,Attack,0,0,0,0
granular_reference_10_shifters,128,freeze_update,0,0,0,0
granular_reference_10_shifters,128,held_render,0,0,0,0
FFT_dispatch,granular_reference_10_shifters,128,0,0,0,0
spectral_identity_focus_transition,128,FFT,19500,505557,505557,60.5883
spectral_identity_focus_transition,128,render_excluding_fft_and_held,0,0,0,0
spectral_identity_focus_transition,128,frame_interpretation,0,0,0,0
spectral_identity_focus_transition,128,Attack,0,0,0,0
spectral_identity_focus_transition,128,freeze_update,0,0,0,0
spectral_identity_focus_transition,128,held_render,0,0,0,0
FFT_dispatch,spectral_identity_focus_transition,128,0,4500,15000,0
spectral_pitch_bank_warp_focus,128,FFT,20231,640409,640409,18.2693
spectral_pitch_bank_warp_focus,128,render_excluding_fft_and_held,14984,1.96057e+06,1.53488e+06,43.7864
spectral_pitch_bank_warp_focus,128,frame_interpretation,5247,663087,663087,18.9162
spectral_pitch_bank_warp_focus,128,Attack,2622,317691,317691,9.06293
spectral_pitch_bank_warp_focus,128,freeze_update,749,200471,200471,5.71894
spectral_pitch_bank_warp_focus,128,held_render,0,0,0,0
FFT_dispatch,spectral_pitch_bank_warp_focus,128,0,5247,14984,0
spectral_pitch_bank_attack_warp_focus,128,FFT,20231,645118,645118,19.0424
spectral_pitch_bank_attack_warp_focus,128,render_excluding_fft_and_held,14984,1.59102e+06,1.16306e+06,34.3309
spectral_pitch_bank_attack_warp_focus,128,frame_interpretation,5247,662941,662941,19.5685
spectral_pitch_bank_attack_warp_focus,128,Attack,2622,646451,646451,19.0818
spectral_pitch_bank_attack_warp_focus,128,freeze_update,749,118375,118375,3.49418
spectral_pitch_bank_attack_warp_focus,128,held_render,0,0,0,0
FFT_dispatch,spectral_pitch_bank_attack_warp_focus,128,0,5247,14984,0
static_sound_path_filter_space_pan_attack,128,FFT,20231,652242,652242,17.5576
static_sound_path_filter_space_pan_attack,128,render_excluding_fft_and_held,14984,1.56544e+06,1.13719e+06,30.6118
static_sound_path_filter_space_pan_attack,128,frame_interpretation,5247,667367,667367,17.9648
static_sound_path_filter_space_pan_attack,128,Attack,2622,674699,674699,18.1621
static_sound_path_filter_space_pan_attack,128,freeze_update,749,118734,118734,3.1962
static_sound_path_filter_space_pan_attack,128,held_render,0,0,0,0
FFT_dispatch,static_sound_path_filter_space_pan_attack,128,0,5247,14984,0
expression_modes_filter_space_pan_attack,128,FFT,20231,652551,652551,16.9679
expression_modes_filter_space_pan_attack,128,render_excluding_fft_and_held,14984,1.71701e+06,1.0952e+06,28.4778
expression_modes_filter_space_pan_attack,128,frame_interpretation,5247,666588,666588,17.3329
expression_modes_filter_space_pan_attack,128,Attack,2622,676310,676310,17.5857
expression_modes_filter_space_pan_attack,128,freeze_update,749,122575,122575,3.18726
expression_modes_filter_space_pan_attack,128,held_render,4704,195103,195103,5.07317
FFT_dispatch,expression_modes_filter_space_pan_attack,128,0,5247,14984,0
freeze_gliss_capture_assignment_filter_space,128,FFT,20231,658477,658477,15.9346
freeze_gliss_capture_assignment_filter_space,128,render_excluding_fft_and_held,14984,1.98728e+06,882934,21.3663
freeze_gliss_capture_assignment_filter_space,128,frame_interpretation,5247,666021,666021,16.1172
freeze_gliss_capture_assignment_filter_space,128,Attack,2622,652824,652824,15.7978
freeze_gliss_capture_assignment_filter_space,128,freeze_update,749,162448,162448,3.93112
freeze_gliss_capture_assignment_filter_space,128,held_render,16224,672789,672789,16.281
FFT_dispatch,freeze_gliss_capture_assignment_filter_space,128,0,5247,14984,0
Prepared reference/foundation/pitch workloads; optimized host timings do not certify target-device or full-block performance.
